// Jest Snapshot v1, https://goo.gl/fbAQLP

exports[`Pagination renders the pagination unchanged 1`] = `
Object {
  "asFragment": [Function],
  "baseElement": <body>
    <div>
      <div
        class="root"
      >
        <a
          class="active"
          href="/products/1"
        >
          1
        </a>
        <a
          class=""
          href="/products/2"
        >
          2
        </a>
        <a
          class=""
          href="/products/3"
        >
          3
        </a>
        <a
          class=""
          href="/products/4"
        >
          4
        </a>
        <a
          class=""
          href="/products/5"
        >
          5
        </a>
        <a
          class=""
          href="/products/6"
        >
          6
        </a>
      </div>
    </div>
  </body>,
  "container": <div>
    <div
      class="root"
    >
      <a
        class="active"
        href="/products/1"
      >
        1
      </a>
      <a
        class=""
        href="/products/2"
      >
        2
      </a>
      <a
        class=""
        href="/products/3"
      >
        3
      </a>
      <a
        class=""
        href="/products/4"
      >
        4
      </a>
      <a
        class=""
        href="/products/5"
      >
        5
      </a>
      <a
        class=""
        href="/products/6"
      >
        6
      </a>
    </div>
  </div>,
  "debug": [Function],
  "findAllByAltText": [Function],
  "findAllByDisplayValue": [Function],
  "findAllByLabelText": [Function],
  "findAllByPlaceholderText": [Function],
  "findAllByRole": [Function],
  "findAllByTestId": [Function],
  "findAllByText": [Function],
  "findAllByTitle": [Function],
  "findByAltText": [Function],
  "findByDisplayValue": [Function],
  "findByLabelText": [Function],
  "findByPlaceholderText": [Function],
  "findByRole": [Function],
  "findByTestId": [Function],
  "findByText": [Function],
  "findByTitle": [Function],
  "getAllByAltText": [Function],
  "getAllByDisplayValue": [Function],
  "getAllByLabelText": [Function],
  "getAllByPlaceholderText": [Function],
  "getAllByRole": [Function],
  "getAllByTestId": [Function],
  "getAllByText": [Function],
  "getAllByTitle": [Function],
  "getByAltText": [Function],
  "getByDisplayValue": [Function],
  "getByLabelText": [Function],
  "getByPlaceholderText": [Function],
  "getByRole": [Function],
  "getByTestId": [Function],
  "getByText": [Function],
  "getByTitle": [Function],
  "queryAllByAltText": [Function],
  "queryAllByDisplayValue": [Function],
  "queryAllByLabelText": [Function],
  "queryAllByPlaceholderText": [Function],
  "queryAllByRole": [Function],
  "queryAllByTestId": [Function],
  "queryAllByText": [Function],
  "queryAllByTitle": [Function],
  "queryByAltText": [Function],
  "queryByDisplayValue": [Function],
  "queryByLabelText": [Function],
  "queryByPlaceholderText": [Function],
  "queryByRole": [Function],
  "queryByTestId": [Function],
  "queryByText": [Function],
  "queryByTitle": [Function],
  "rerender": [Function],
  "unmount": [Function],
}
`;
