// Jest Snapshot v1, https://goo.gl/fbAQLP

exports[`Product renders product unchanged 1`] = `
Object {
  "asFragment": [Function],
  "baseElement": <body>
    <div>
      <header>
        <div
          class="header container"
        >
          <a
            class="logo"
            href="/"
          >
            Pets
          </a>
          <nav
            class="nav"
          >
            <ul>
              <li>
                <a
                  href="/"
                >
                  Adoption
                </a>
              </li>
              <li>
                <a
                  href="/"
                >
                  Services
                </a>
              </li>
              <li>
                <a
                  href="/products/1"
                >
                  Products
                </a>
              </li>
            </ul>
          </nav>
        </div>
      </header>
      <main>
        <div
          class="container root"
        >
          <h1>
            Beautiful Scarf
          </h1>
          <div
            class="productDetails"
          >
            <div
              class="pic"
            >
              <img
                alt="product image"
                class="imgContain imgFill"
                src="/beautiful-scarf.jpg"
              />
            </div>
            <div
              class="info"
            >
              <p
                class="price"
              >
                Available for $
                213.44
              </p>
              <button
                class="buyBtn"
                type="button"
              >
                Buy Now
              </button>
            </div>
          </div>
        </div>
      </main>
      <footer
        class="root"
      >
        <div
          class="footer container"
        >
          <a
            class="logo"
            href="/"
          >
            Pets
          </a>
          <nav
            class="nav"
          >
            <ul>
              <li>
                <p>
                  Quick links
                </p>
                <a
                  href="/"
                >
                  Adoption
                </a>
                <a
                  href="/"
                >
                  Services
                </a>
                <a
                  href="/products/1"
                >
                  Products
                </a>
              </li>
              <li>
                <p>
                  Follow us
                </p>
                <a
                  href="#"
                >
                  Facebook
                </a>
                <a
                  href="#"
                >
                  Instagram
                </a>
                <a
                  href="#"
                >
                  Twitter
                </a>
              </li>
              <li>
                <p>
                  Contact
                </p>
                <a
                  href="#"
                >
                  +0 (000) 000-0000
                </a>
                <a
                  href="#"
                >
                  someone@example.com
                </a>
              </li>
            </ul>
          </nav>
        </div>
      </footer>
    </div>
  </body>,
  "container": <div>
    <header>
      <div
        class="header container"
      >
        <a
          class="logo"
          href="/"
        >
          Pets
        </a>
        <nav
          class="nav"
        >
          <ul>
            <li>
              <a
                href="/"
              >
                Adoption
              </a>
            </li>
            <li>
              <a
                href="/"
              >
                Services
              </a>
            </li>
            <li>
              <a
                href="/products/1"
              >
                Products
              </a>
            </li>
          </ul>
        </nav>
      </div>
    </header>
    <main>
      <div
        class="container root"
      >
        <h1>
          Beautiful Scarf
        </h1>
        <div
          class="productDetails"
        >
          <div
            class="pic"
          >
            <img
              alt="product image"
              class="imgContain imgFill"
              src="/beautiful-scarf.jpg"
            />
          </div>
          <div
            class="info"
          >
            <p
              class="price"
            >
              Available for $
              213.44
            </p>
            <button
              class="buyBtn"
              type="button"
            >
              Buy Now
            </button>
          </div>
        </div>
      </div>
    </main>
    <footer
      class="root"
    >
      <div
        class="footer container"
      >
        <a
          class="logo"
          href="/"
        >
          Pets
        </a>
        <nav
          class="nav"
        >
          <ul>
            <li>
              <p>
                Quick links
              </p>
              <a
                href="/"
              >
                Adoption
              </a>
              <a
                href="/"
              >
                Services
              </a>
              <a
                href="/products/1"
              >
                Products
              </a>
            </li>
            <li>
              <p>
                Follow us
              </p>
              <a
                href="#"
              >
                Facebook
              </a>
              <a
                href="#"
              >
                Instagram
              </a>
              <a
                href="#"
              >
                Twitter
              </a>
            </li>
            <li>
              <p>
                Contact
              </p>
              <a
                href="#"
              >
                +0 (000) 000-0000
              </a>
              <a
                href="#"
              >
                someone@example.com
              </a>
            </li>
          </ul>
        </nav>
      </div>
    </footer>
  </div>,
  "debug": [Function],
  "findAllByAltText": [Function],
  "findAllByDisplayValue": [Function],
  "findAllByLabelText": [Function],
  "findAllByPlaceholderText": [Function],
  "findAllByRole": [Function],
  "findAllByTestId": [Function],
  "findAllByText": [Function],
  "findAllByTitle": [Function],
  "findByAltText": [Function],
  "findByDisplayValue": [Function],
  "findByLabelText": [Function],
  "findByPlaceholderText": [Function],
  "findByRole": [Function],
  "findByTestId": [Function],
  "findByText": [Function],
  "findByTitle": [Function],
  "getAllByAltText": [Function],
  "getAllByDisplayValue": [Function],
  "getAllByLabelText": [Function],
  "getAllByPlaceholderText": [Function],
  "getAllByRole": [Function],
  "getAllByTestId": [Function],
  "getAllByText": [Function],
  "getAllByTitle": [Function],
  "getByAltText": [Function],
  "getByDisplayValue": [Function],
  "getByLabelText": [Function],
  "getByPlaceholderText": [Function],
  "getByRole": [Function],
  "getByTestId": [Function],
  "getByText": [Function],
  "getByTitle": [Function],
  "queryAllByAltText": [Function],
  "queryAllByDisplayValue": [Function],
  "queryAllByLabelText": [Function],
  "queryAllByPlaceholderText": [Function],
  "queryAllByRole": [Function],
  "queryAllByTestId": [Function],
  "queryAllByText": [Function],
  "queryAllByTitle": [Function],
  "queryByAltText": [Function],
  "queryByDisplayValue": [Function],
  "queryByLabelText": [Function],
  "queryByPlaceholderText": [Function],
  "queryByRole": [Function],
  "queryByTestId": [Function],
  "queryByText": [Function],
  "queryByTitle": [Function],
  "rerender": [Function],
  "unmount": [Function],
}
`;
